#-----------------------------------------------------------
# Vivado v2025.2 (64-bit)
# SW Build 6299465 on Fri Nov 14 19:35:11 GMT 2025
# IP Build 6300035 on Fri Nov 14 10:48:45 MST 2025
# SharedData Build 6298862 on Thu Nov 13 04:50:51 MST 2025
# Start of session at: Sun Sep 20 10:53:12 2026
# Process ID         : 1184
# Current directory  : E:/Ôhesis/Vivado projects/Vivado check_state enable
# Command line       : vivado.exe -gui_launcher_event rodinguilauncherevent2644 E:\Ôhesis\Vivado projects\Vivado check_state enable\Ascon.xpr
# Log file           : E:/Ôhesis/Vivado projects/Vivado check_state enable/vivado.log
# Journal file       : E:/Ôhesis/Vivado projects/Vivado check_state enable\vivado.jou
# Running On         : Dell-3793
# Platform           : Windows Server 2016 or Windows 10
# Operating System   : 19045
# Processor Detail   : Intel(R) Core(TM) i5-1035G1 CPU @ 1.00GHz
# CPU Frequency      : 1190 MHz
# CPU Physical cores : 4
# CPU Logical cores  : 8
# Host memory        : 12640 MB
# Swap memory        : 34359 MB
# Total Virtual      : 47000 MB
# Available Virtual  : 37477 MB
#-----------------------------------------------------------
start_gui
open_project {E:/Ôhesis/Vivado projects/Vivado check_state enable/Ascon.xpr}
update_compile_order -fileset sources_1
launch_simulation
source testbench.tcl
close_sim
close_project
