Copyright 1986-2022 Xilinx, Inc. All Rights Reserved. Copyright 2022-2025 Advanced Micro Devices, Inc. All Rights Reserved.
-----------------------------------------------------------------------------------------------------------------------------------------------------
| Tool Version : Vivado v.2025.2 (win64) Build 6299465 Fri Nov 14 19:35:11 GMT 2025
| Date         : Sat Jun 27 21:30:51 2026
| Host         : Dell-3793 running 64-bit major release  (build 9200)
| Command      : report_methodology -file ASCON_methodology_drc_routed.rpt -pb ASCON_methodology_drc_routed.pb -rpx ASCON_methodology_drc_routed.rpx
| Design       : ASCON
| Device       : xc7a75tfgg676-1
| Speed File   : -1
| Design State : Fully Routed
-----------------------------------------------------------------------------------------------------------------------------------------------------

Report Methodology

Table of Contents
-----------------
1. REPORT SUMMARY
2. REPORT DETAILS

1. REPORT SUMMARY
-----------------
            Netlist: netlist
          Floorplan: design_1
      Design limits: <entire design considered>
             Max checks: <unlimited>
             Checks found: 273
+-----------+----------+-------------------------------+--------+
| Rule      | Severity | Description                   | Checks |
+-----------+----------+-------------------------------+--------+
| TIMING-18 | Warning  | Missing input or output delay | 273    |
+-----------+----------+-------------------------------+--------+

2. REPORT DETAILS
-----------------
TIMING-18#1 Warning
Missing input or output delay  
An input delay is missing on busIN[0] relative to the rising and/or falling clock edge(s) of clk.
Related violations: <none>

TIMING-18#2 Warning
Missing input or output delay  
An input delay is missing on busIN[100] relative to the rising and/or falling clock edge(s) of clk.
Related violations: <none>

TIMING-18#3 Warning
Missing input or output delay  
An input delay is missing on busIN[101] relative to the rising and/or falling clock edge(s) of clk.
Related violations: <none>

TIMING-18#4 Warning
Missing input or output delay  
An input delay is missing on busIN[102] relative to the rising and/or falling clock edge(s) of clk.
Related violations: <none>

TIMING-18#5 Warning
Missing input or output delay  
An input delay is missing on busIN[103] relative to the rising and/or falling clock edge(s) of clk.
Related violations: <none>

TIMING-18#6 Warning
Missing input or output delay  
An input delay is missing on busIN[104] relative to the rising and/or falling clock edge(s) of clk.
Related violations: <none>

TIMING-18#7 Warning
Missing input or output delay  
An input delay is missing on busIN[105] relative to the rising and/or falling clock edge(s) of clk.
Related violations: <none>

TIMING-18#8 Warning
Missing input or output delay  
An input delay is missing on busIN[106] relative to the rising and/or falling clock edge(s) of clk.
Related violations: <none>

TIMING-18#9 Warning
Missing input or output delay  
An input delay is missing on busIN[107] relative to the rising and/or falling clock edge(s) of clk.
Related violations: <none>

TIMING-18#10 Warning
Missing input or output delay  
An input delay is missing on busIN[108] relative to the rising and/or falling clock edge(s) of clk.
Related violations: <none>

TIMING-18#11 Warning
Missing input or output delay  
An input delay is missing on busIN[109] relative to the rising and/or falling clock edge(s) of clk.
Related violations: <none>

TIMING-18#12 Warning
Missing input or output delay  
An input delay is missing on busIN[10] relative to the rising and/or falling clock edge(s) of clk.
Related violations: <none>

TIMING-18#13 Warning
Missing input or output delay  
An input delay is missing on busIN[110] relative to the rising and/or falling clock edge(s) of clk.
Related violations: <none>

TIMING-18#14 Warning
Missing input or output delay  
An input delay is missing on busIN[111] relative to the rising and/or falling clock edge(s) of clk.
Related violations: <none>

TIMING-18#15 Warning
Missing input or output delay  
An input delay is missing on busIN[112] relative to the rising and/or falling clock edge(s) of clk.
Related violations: <none>

TIMING-18#16 Warning
Missing input or output delay  
An input delay is missing on busIN[113] relative to the rising and/or falling clock edge(s) of clk.
Related violations: <none>

TIMING-18#17 Warning
Missing input or output delay  
An input delay is missing on busIN[114] relative to the rising and/or falling clock edge(s) of clk.
Related violations: <none>

TIMING-18#18 Warning
Missing input or output delay  
An input delay is missing on busIN[115] relative to the rising and/or falling clock edge(s) of clk.
Related violations: <none>

TIMING-18#19 Warning
Missing input or output delay  
An input delay is missing on busIN[116] relative to the rising and/or falling clock edge(s) of clk.
Related violations: <none>

TIMING-18#20 Warning
Missing input or output delay  
An input delay is missing on busIN[117] relative to the rising and/or falling clock edge(s) of clk.
Related violations: <none>

TIMING-18#21 Warning
Missing input or output delay  
An input delay is missing on busIN[118] relative to the rising and/or falling clock edge(s) of clk.
Related violations: <none>

TIMING-18#22 Warning
Missing input or output delay  
An input delay is missing on busIN[119] relative to the rising and/or falling clock edge(s) of clk.
Related violations: <none>

TIMING-18#23 Warning
Missing input or output delay  
An input delay is missing on busIN[11] relative to the rising and/or falling clock edge(s) of clk.
Related violations: <none>

TIMING-18#24 Warning
Missing input or output delay  
An input delay is missing on busIN[120] relative to the rising and/or falling clock edge(s) of clk.
Related violations: <none>

TIMING-18#25 Warning
Missing input or output delay  
An input delay is missing on busIN[121] relative to the rising and/or falling clock edge(s) of clk.
Related violations: <none>

TIMING-18#26 Warning
Missing input or output delay  
An input delay is missing on busIN[122] relative to the rising and/or falling clock edge(s) of clk.
Related violations: <none>

TIMING-18#27 Warning
Missing input or output delay  
An input delay is missing on busIN[123] relative to the rising and/or falling clock edge(s) of clk.
Related violations: <none>

TIMING-18#28 Warning
Missing input or output delay  
An input delay is missing on busIN[124] relative to the rising and/or falling clock edge(s) of clk.
Related violations: <none>

TIMING-18#29 Warning
Missing input or output delay  
An input delay is missing on busIN[125] relative to the rising and/or falling clock edge(s) of clk.
Related violations: <none>

TIMING-18#30 Warning
Missing input or output delay  
An input delay is missing on busIN[126] relative to the rising and/or falling clock edge(s) of clk.
Related violations: <none>

TIMING-18#31 Warning
Missing input or output delay  
An input delay is missing on busIN[127] relative to the rising and/or falling clock edge(s) of clk.
Related violations: <none>

TIMING-18#32 Warning
Missing input or output delay  
An input delay is missing on busIN[12] relative to the rising and/or falling clock edge(s) of clk.
Related violations: <none>

TIMING-18#33 Warning
Missing input or output delay  
An input delay is missing on busIN[13] relative to the rising and/or falling clock edge(s) of clk.
Related violations: <none>

TIMING-18#34 Warning
Missing input or output delay  
An input delay is missing on busIN[14] relative to the rising and/or falling clock edge(s) of clk.
Related violations: <none>

TIMING-18#35 Warning
Missing input or output delay  
An input delay is missing on busIN[15] relative to the rising and/or falling clock edge(s) of clk.
Related violations: <none>

TIMING-18#36 Warning
Missing input or output delay  
An input delay is missing on busIN[16] relative to the rising and/or falling clock edge(s) of clk.
Related violations: <none>

TIMING-18#37 Warning
Missing input or output delay  
An input delay is missing on busIN[17] relative to the rising and/or falling clock edge(s) of clk.
Related violations: <none>

TIMING-18#38 Warning
Missing input or output delay  
An input delay is missing on busIN[18] relative to the rising and/or falling clock edge(s) of clk.
Related violations: <none>

TIMING-18#39 Warning
Missing input or output delay  
An input delay is missing on busIN[19] relative to the rising and/or falling clock edge(s) of clk.
Related violations: <none>

TIMING-18#40 Warning
Missing input or output delay  
An input delay is missing on busIN[1] relative to the rising and/or falling clock edge(s) of clk.
Related violations: <none>

TIMING-18#41 Warning
Missing input or output delay  
An input delay is missing on busIN[20] relative to the rising and/or falling clock edge(s) of clk.
Related violations: <none>

TIMING-18#42 Warning
Missing input or output delay  
An input delay is missing on busIN[21] relative to the rising and/or falling clock edge(s) of clk.
Related violations: <none>

TIMING-18#43 Warning
Missing input or output delay  
An input delay is missing on busIN[22] relative to the rising and/or falling clock edge(s) of clk.
Related violations: <none>

TIMING-18#44 Warning
Missing input or output delay  
An input delay is missing on busIN[23] relative to the rising and/or falling clock edge(s) of clk.
Related violations: <none>

TIMING-18#45 Warning
Missing input or output delay  
An input delay is missing on busIN[24] relative to the rising and/or falling clock edge(s) of clk.
Related violations: <none>

TIMING-18#46 Warning
Missing input or output delay  
An input delay is missing on busIN[25] relative to the rising and/or falling clock edge(s) of clk.
Related violations: <none>

TIMING-18#47 Warning
Missing input or output delay  
An input delay is missing on busIN[26] relative to the rising and/or falling clock edge(s) of clk.
Related violations: <none>

TIMING-18#48 Warning
Missing input or output delay  
An input delay is missing on busIN[27] relative to the rising and/or falling clock edge(s) of clk.
Related violations: <none>

TIMING-18#49 Warning
Missing input or output delay  
An input delay is missing on busIN[28] relative to the rising and/or falling clock edge(s) of clk.
Related violations: <none>

TIMING-18#50 Warning
Missing input or output delay  
An input delay is missing on busIN[29] relative to the rising and/or falling clock edge(s) of clk.
Related violations: <none>

TIMING-18#51 Warning
Missing input or output delay  
An input delay is missing on busIN[2] relative to the rising and/or falling clock edge(s) of clk.
Related violations: <none>

TIMING-18#52 Warning
Missing input or output delay  
An input delay is missing on busIN[30] relative to the rising and/or falling clock edge(s) of clk.
Related violations: <none>

TIMING-18#53 Warning
Missing input or output delay  
An input delay is missing on busIN[31] relative to the rising and/or falling clock edge(s) of clk.
Related violations: <none>

TIMING-18#54 Warning
Missing input or output delay  
An input delay is missing on busIN[32] relative to the rising and/or falling clock edge(s) of clk.
Related violations: <none>

TIMING-18#55 Warning
Missing input or output delay  
An input delay is missing on busIN[33] relative to the rising and/or falling clock edge(s) of clk.
Related violations: <none>

TIMING-18#56 Warning
Missing input or output delay  
An input delay is missing on busIN[34] relative to the rising and/or falling clock edge(s) of clk.
Related violations: <none>

TIMING-18#57 Warning
Missing input or output delay  
An input delay is missing on busIN[35] relative to the rising and/or falling clock edge(s) of clk.
Related violations: <none>

TIMING-18#58 Warning
Missing input or output delay  
An input delay is missing on busIN[36] relative to the rising and/or falling clock edge(s) of clk.
Related violations: <none>

TIMING-18#59 Warning
Missing input or output delay  
An input delay is missing on busIN[37] relative to the rising and/or falling clock edge(s) of clk.
Related violations: <none>

TIMING-18#60 Warning
Missing input or output delay  
An input delay is missing on busIN[38] relative to the rising and/or falling clock edge(s) of clk.
Related violations: <none>

TIMING-18#61 Warning
Missing input or output delay  
An input delay is missing on busIN[39] relative to the rising and/or falling clock edge(s) of clk.
Related violations: <none>

TIMING-18#62 Warning
Missing input or output delay  
An input delay is missing on busIN[3] relative to the rising and/or falling clock edge(s) of clk.
Related violations: <none>

TIMING-18#63 Warning
Missing input or output delay  
An input delay is missing on busIN[40] relative to the rising and/or falling clock edge(s) of clk.
Related violations: <none>

TIMING-18#64 Warning
Missing input or output delay  
An input delay is missing on busIN[41] relative to the rising and/or falling clock edge(s) of clk.
Related violations: <none>

TIMING-18#65 Warning
Missing input or output delay  
An input delay is missing on busIN[42] relative to the rising and/or falling clock edge(s) of clk.
Related violations: <none>

TIMING-18#66 Warning
Missing input or output delay  
An input delay is missing on busIN[43] relative to the rising and/or falling clock edge(s) of clk.
Related violations: <none>

TIMING-18#67 Warning
Missing input or output delay  
An input delay is missing on busIN[44] relative to the rising and/or falling clock edge(s) of clk.
Related violations: <none>

TIMING-18#68 Warning
Missing input or output delay  
An input delay is missing on busIN[45] relative to the rising and/or falling clock edge(s) of clk.
Related violations: <none>

TIMING-18#69 Warning
Missing input or output delay  
An input delay is missing on busIN[46] relative to the rising and/or falling clock edge(s) of clk.
Related violations: <none>

TIMING-18#70 Warning
Missing input or output delay  
An input delay is missing on busIN[47] relative to the rising and/or falling clock edge(s) of clk.
Related violations: <none>

TIMING-18#71 Warning
Missing input or output delay  
An input delay is missing on busIN[48] relative to the rising and/or falling clock edge(s) of clk.
Related violations: <none>

TIMING-18#72 Warning
Missing input or output delay  
An input delay is missing on busIN[49] relative to the rising and/or falling clock edge(s) of clk.
Related violations: <none>

TIMING-18#73 Warning
Missing input or output delay  
An input delay is missing on busIN[4] relative to the rising and/or falling clock edge(s) of clk.
Related violations: <none>

TIMING-18#74 Warning
Missing input or output delay  
An input delay is missing on busIN[50] relative to the rising and/or falling clock edge(s) of clk.
Related violations: <none>

TIMING-18#75 Warning
Missing input or output delay  
An input delay is missing on busIN[51] relative to the rising and/or falling clock edge(s) of clk.
Related violations: <none>

TIMING-18#76 Warning
Missing input or output delay  
An input delay is missing on busIN[52] relative to the rising and/or falling clock edge(s) of clk.
Related violations: <none>

TIMING-18#77 Warning
Missing input or output delay  
An input delay is missing on busIN[53] relative to the rising and/or falling clock edge(s) of clk.
Related violations: <none>

TIMING-18#78 Warning
Missing input or output delay  
An input delay is missing on busIN[54] relative to the rising and/or falling clock edge(s) of clk.
Related violations: <none>

TIMING-18#79 Warning
Missing input or output delay  
An input delay is missing on busIN[55] relative to the rising and/or falling clock edge(s) of clk.
Related violations: <none>

TIMING-18#80 Warning
Missing input or output delay  
An input delay is missing on busIN[56] relative to the rising and/or falling clock edge(s) of clk.
Related violations: <none>

TIMING-18#81 Warning
Missing input or output delay  
An input delay is missing on busIN[57] relative to the rising and/or falling clock edge(s) of clk.
Related violations: <none>

TIMING-18#82 Warning
Missing input or output delay  
An input delay is missing on busIN[58] relative to the rising and/or falling clock edge(s) of clk.
Related violations: <none>

TIMING-18#83 Warning
Missing input or output delay  
An input delay is missing on busIN[59] relative to the rising and/or falling clock edge(s) of clk.
Related violations: <none>

TIMING-18#84 Warning
Missing input or output delay  
An input delay is missing on busIN[5] relative to the rising and/or falling clock edge(s) of clk.
Related violations: <none>

TIMING-18#85 Warning
Missing input or output delay  
An input delay is missing on busIN[60] relative to the rising and/or falling clock edge(s) of clk.
Related violations: <none>

TIMING-18#86 Warning
Missing input or output delay  
An input delay is missing on busIN[61] relative to the rising and/or falling clock edge(s) of clk.
Related violations: <none>

TIMING-18#87 Warning
Missing input or output delay  
An input delay is missing on busIN[62] relative to the rising and/or falling clock edge(s) of clk.
Related violations: <none>

TIMING-18#88 Warning
Missing input or output delay  
An input delay is missing on busIN[63] relative to the rising and/or falling clock edge(s) of clk.
Related violations: <none>

TIMING-18#89 Warning
Missing input or output delay  
An input delay is missing on busIN[64] relative to the rising and/or falling clock edge(s) of clk.
Related violations: <none>

TIMING-18#90 Warning
Missing input or output delay  
An input delay is missing on busIN[65] relative to the rising and/or falling clock edge(s) of clk.
Related violations: <none>

TIMING-18#91 Warning
Missing input or output delay  
An input delay is missing on busIN[66] relative to the rising and/or falling clock edge(s) of clk.
Related violations: <none>

TIMING-18#92 Warning
Missing input or output delay  
An input delay is missing on busIN[67] relative to the rising and/or falling clock edge(s) of clk.
Related violations: <none>

TIMING-18#93 Warning
Missing input or output delay  
An input delay is missing on busIN[68] relative to the rising and/or falling clock edge(s) of clk.
Related violations: <none>

TIMING-18#94 Warning
Missing input or output delay  
An input delay is missing on busIN[69] relative to the rising and/or falling clock edge(s) of clk.
Related violations: <none>

TIMING-18#95 Warning
Missing input or output delay  
An input delay is missing on busIN[6] relative to the rising and/or falling clock edge(s) of clk.
Related violations: <none>

TIMING-18#96 Warning
Missing input or output delay  
An input delay is missing on busIN[70] relative to the rising and/or falling clock edge(s) of clk.
Related violations: <none>

TIMING-18#97 Warning
Missing input or output delay  
An input delay is missing on busIN[71] relative to the rising and/or falling clock edge(s) of clk.
Related violations: <none>

TIMING-18#98 Warning
Missing input or output delay  
An input delay is missing on busIN[72] relative to the rising and/or falling clock edge(s) of clk.
Related violations: <none>

TIMING-18#99 Warning
Missing input or output delay  
An input delay is missing on busIN[73] relative to the rising and/or falling clock edge(s) of clk.
Related violations: <none>

TIMING-18#100 Warning
Missing input or output delay  
An input delay is missing on busIN[74] relative to the rising and/or falling clock edge(s) of clk.
Related violations: <none>

TIMING-18#101 Warning
Missing input or output delay  
An input delay is missing on busIN[75] relative to the rising and/or falling clock edge(s) of clk.
Related violations: <none>

TIMING-18#102 Warning
Missing input or output delay  
An input delay is missing on busIN[76] relative to the rising and/or falling clock edge(s) of clk.
Related violations: <none>

TIMING-18#103 Warning
Missing input or output delay  
An input delay is missing on busIN[77] relative to the rising and/or falling clock edge(s) of clk.
Related violations: <none>

TIMING-18#104 Warning
Missing input or output delay  
An input delay is missing on busIN[78] relative to the rising and/or falling clock edge(s) of clk.
Related violations: <none>

TIMING-18#105 Warning
Missing input or output delay  
An input delay is missing on busIN[79] relative to the rising and/or falling clock edge(s) of clk.
Related violations: <none>

TIMING-18#106 Warning
Missing input or output delay  
An input delay is missing on busIN[7] relative to the rising and/or falling clock edge(s) of clk.
Related violations: <none>

TIMING-18#107 Warning
Missing input or output delay  
An input delay is missing on busIN[80] relative to the rising and/or falling clock edge(s) of clk.
Related violations: <none>

TIMING-18#108 Warning
Missing input or output delay  
An input delay is missing on busIN[81] relative to the rising and/or falling clock edge(s) of clk.
Related violations: <none>

TIMING-18#109 Warning
Missing input or output delay  
An input delay is missing on busIN[82] relative to the rising and/or falling clock edge(s) of clk.
Related violations: <none>

TIMING-18#110 Warning
Missing input or output delay  
An input delay is missing on busIN[83] relative to the rising and/or falling clock edge(s) of clk.
Related violations: <none>

TIMING-18#111 Warning
Missing input or output delay  
An input delay is missing on busIN[84] relative to the rising and/or falling clock edge(s) of clk.
Related violations: <none>

TIMING-18#112 Warning
Missing input or output delay  
An input delay is missing on busIN[85] relative to the rising and/or falling clock edge(s) of clk.
Related violations: <none>

TIMING-18#113 Warning
Missing input or output delay  
An input delay is missing on busIN[86] relative to the rising and/or falling clock edge(s) of clk.
Related violations: <none>

TIMING-18#114 Warning
Missing input or output delay  
An input delay is missing on busIN[87] relative to the rising and/or falling clock edge(s) of clk.
Related violations: <none>

TIMING-18#115 Warning
Missing input or output delay  
An input delay is missing on busIN[88] relative to the rising and/or falling clock edge(s) of clk.
Related violations: <none>

TIMING-18#116 Warning
Missing input or output delay  
An input delay is missing on busIN[89] relative to the rising and/or falling clock edge(s) of clk.
Related violations: <none>

TIMING-18#117 Warning
Missing input or output delay  
An input delay is missing on busIN[8] relative to the rising and/or falling clock edge(s) of clk.
Related violations: <none>

TIMING-18#118 Warning
Missing input or output delay  
An input delay is missing on busIN[90] relative to the rising and/or falling clock edge(s) of clk.
Related violations: <none>

TIMING-18#119 Warning
Missing input or output delay  
An input delay is missing on busIN[91] relative to the rising and/or falling clock edge(s) of clk.
Related violations: <none>

TIMING-18#120 Warning
Missing input or output delay  
An input delay is missing on busIN[92] relative to the rising and/or falling clock edge(s) of clk.
Related violations: <none>

TIMING-18#121 Warning
Missing input or output delay  
An input delay is missing on busIN[93] relative to the rising and/or falling clock edge(s) of clk.
Related violations: <none>

TIMING-18#122 Warning
Missing input or output delay  
An input delay is missing on busIN[94] relative to the rising and/or falling clock edge(s) of clk.
Related violations: <none>

TIMING-18#123 Warning
Missing input or output delay  
An input delay is missing on busIN[95] relative to the rising and/or falling clock edge(s) of clk.
Related violations: <none>

TIMING-18#124 Warning
Missing input or output delay  
An input delay is missing on busIN[96] relative to the rising and/or falling clock edge(s) of clk.
Related violations: <none>

TIMING-18#125 Warning
Missing input or output delay  
An input delay is missing on busIN[97] relative to the rising and/or falling clock edge(s) of clk.
Related violations: <none>

TIMING-18#126 Warning
Missing input or output delay  
An input delay is missing on busIN[98] relative to the rising and/or falling clock edge(s) of clk.
Related violations: <none>

TIMING-18#127 Warning
Missing input or output delay  
An input delay is missing on busIN[99] relative to the rising and/or falling clock edge(s) of clk.
Related violations: <none>

TIMING-18#128 Warning
Missing input or output delay  
An input delay is missing on busIN[9] relative to the rising and/or falling clock edge(s) of clk.
Related violations: <none>

TIMING-18#129 Warning
Missing input or output delay  
An input delay is missing on busType[0] relative to the rising and/or falling clock edge(s) of clk.
Related violations: <none>

TIMING-18#130 Warning
Missing input or output delay  
An input delay is missing on busType[1] relative to the rising and/or falling clock edge(s) of clk.
Related violations: <none>

TIMING-18#131 Warning
Missing input or output delay  
An input delay is missing on busType[2] relative to the rising and/or falling clock edge(s) of clk.
Related violations: <none>

TIMING-18#132 Warning
Missing input or output delay  
An input delay is missing on reset relative to the rising and/or falling clock edge(s) of clk.
Related violations: <none>

TIMING-18#133 Warning
Missing input or output delay  
An input delay is missing on start relative to the rising and/or falling clock edge(s) of clk.
Related violations: <none>

TIMING-18#134 Warning
Missing input or output delay  
An output delay is missing on FSMCommand[0] relative to the rising and/or falling clock edge(s) of clk.
Related violations: <none>

TIMING-18#135 Warning
Missing input or output delay  
An output delay is missing on FSMCommand[1] relative to the rising and/or falling clock edge(s) of clk.
Related violations: <none>

TIMING-18#136 Warning
Missing input or output delay  
An output delay is missing on FSMCommand[2] relative to the rising and/or falling clock edge(s) of clk.
Related violations: <none>

TIMING-18#137 Warning
Missing input or output delay  
An output delay is missing on FSMCommand[3] relative to the rising and/or falling clock edge(s) of clk.
Related violations: <none>

TIMING-18#138 Warning
Missing input or output delay  
An output delay is missing on FSMCommand[4] relative to the rising and/or falling clock edge(s) of clk.
Related violations: <none>

TIMING-18#139 Warning
Missing input or output delay  
An output delay is missing on FSMState[0] relative to the rising and/or falling clock edge(s) of clk.
Related violations: <none>

TIMING-18#140 Warning
Missing input or output delay  
An output delay is missing on FSMState[1] relative to the rising and/or falling clock edge(s) of clk.
Related violations: <none>

TIMING-18#141 Warning
Missing input or output delay  
An output delay is missing on FSMState[2] relative to the rising and/or falling clock edge(s) of clk.
Related violations: <none>

TIMING-18#142 Warning
Missing input or output delay  
An output delay is missing on FSMState[3] relative to the rising and/or falling clock edge(s) of clk.
Related violations: <none>

TIMING-18#143 Warning
Missing input or output delay  
An output delay is missing on FSMState[4] relative to the rising and/or falling clock edge(s) of clk.
Related violations: <none>

TIMING-18#144 Warning
Missing input or output delay  
An output delay is missing on busNext relative to the rising and/or falling clock edge(s) of clk.
Related violations: <none>

TIMING-18#145 Warning
Missing input or output delay  
An output delay is missing on busOUT[0] relative to the rising and/or falling clock edge(s) of clk.
Related violations: <none>

TIMING-18#146 Warning
Missing input or output delay  
An output delay is missing on busOUT[100] relative to the rising and/or falling clock edge(s) of clk.
Related violations: <none>

TIMING-18#147 Warning
Missing input or output delay  
An output delay is missing on busOUT[101] relative to the rising and/or falling clock edge(s) of clk.
Related violations: <none>

TIMING-18#148 Warning
Missing input or output delay  
An output delay is missing on busOUT[102] relative to the rising and/or falling clock edge(s) of clk.
Related violations: <none>

TIMING-18#149 Warning
Missing input or output delay  
An output delay is missing on busOUT[103] relative to the rising and/or falling clock edge(s) of clk.
Related violations: <none>

TIMING-18#150 Warning
Missing input or output delay  
An output delay is missing on busOUT[104] relative to the rising and/or falling clock edge(s) of clk.
Related violations: <none>

TIMING-18#151 Warning
Missing input or output delay  
An output delay is missing on busOUT[105] relative to the rising and/or falling clock edge(s) of clk.
Related violations: <none>

TIMING-18#152 Warning
Missing input or output delay  
An output delay is missing on busOUT[106] relative to the rising and/or falling clock edge(s) of clk.
Related violations: <none>

TIMING-18#153 Warning
Missing input or output delay  
An output delay is missing on busOUT[107] relative to the rising and/or falling clock edge(s) of clk.
Related violations: <none>

TIMING-18#154 Warning
Missing input or output delay  
An output delay is missing on busOUT[108] relative to the rising and/or falling clock edge(s) of clk.
Related violations: <none>

TIMING-18#155 Warning
Missing input or output delay  
An output delay is missing on busOUT[109] relative to the rising and/or falling clock edge(s) of clk.
Related violations: <none>

TIMING-18#156 Warning
Missing input or output delay  
An output delay is missing on busOUT[10] relative to the rising and/or falling clock edge(s) of clk.
Related violations: <none>

TIMING-18#157 Warning
Missing input or output delay  
An output delay is missing on busOUT[110] relative to the rising and/or falling clock edge(s) of clk.
Related violations: <none>

TIMING-18#158 Warning
Missing input or output delay  
An output delay is missing on busOUT[111] relative to the rising and/or falling clock edge(s) of clk.
Related violations: <none>

TIMING-18#159 Warning
Missing input or output delay  
An output delay is missing on busOUT[112] relative to the rising and/or falling clock edge(s) of clk.
Related violations: <none>

TIMING-18#160 Warning
Missing input or output delay  
An output delay is missing on busOUT[113] relative to the rising and/or falling clock edge(s) of clk.
Related violations: <none>

TIMING-18#161 Warning
Missing input or output delay  
An output delay is missing on busOUT[114] relative to the rising and/or falling clock edge(s) of clk.
Related violations: <none>

TIMING-18#162 Warning
Missing input or output delay  
An output delay is missing on busOUT[115] relative to the rising and/or falling clock edge(s) of clk.
Related violations: <none>

TIMING-18#163 Warning
Missing input or output delay  
An output delay is missing on busOUT[116] relative to the rising and/or falling clock edge(s) of clk.
Related violations: <none>

TIMING-18#164 Warning
Missing input or output delay  
An output delay is missing on busOUT[117] relative to the rising and/or falling clock edge(s) of clk.
Related violations: <none>

TIMING-18#165 Warning
Missing input or output delay  
An output delay is missing on busOUT[118] relative to the rising and/or falling clock edge(s) of clk.
Related violations: <none>

TIMING-18#166 Warning
Missing input or output delay  
An output delay is missing on busOUT[119] relative to the rising and/or falling clock edge(s) of clk.
Related violations: <none>

TIMING-18#167 Warning
Missing input or output delay  
An output delay is missing on busOUT[11] relative to the rising and/or falling clock edge(s) of clk.
Related violations: <none>

TIMING-18#168 Warning
Missing input or output delay  
An output delay is missing on busOUT[120] relative to the rising and/or falling clock edge(s) of clk.
Related violations: <none>

TIMING-18#169 Warning
Missing input or output delay  
An output delay is missing on busOUT[121] relative to the rising and/or falling clock edge(s) of clk.
Related violations: <none>

TIMING-18#170 Warning
Missing input or output delay  
An output delay is missing on busOUT[122] relative to the rising and/or falling clock edge(s) of clk.
Related violations: <none>

TIMING-18#171 Warning
Missing input or output delay  
An output delay is missing on busOUT[123] relative to the rising and/or falling clock edge(s) of clk.
Related violations: <none>

TIMING-18#172 Warning
Missing input or output delay  
An output delay is missing on busOUT[124] relative to the rising and/or falling clock edge(s) of clk.
Related violations: <none>

TIMING-18#173 Warning
Missing input or output delay  
An output delay is missing on busOUT[125] relative to the rising and/or falling clock edge(s) of clk.
Related violations: <none>

TIMING-18#174 Warning
Missing input or output delay  
An output delay is missing on busOUT[126] relative to the rising and/or falling clock edge(s) of clk.
Related violations: <none>

TIMING-18#175 Warning
Missing input or output delay  
An output delay is missing on busOUT[127] relative to the rising and/or falling clock edge(s) of clk.
Related violations: <none>

TIMING-18#176 Warning
Missing input or output delay  
An output delay is missing on busOUT[12] relative to the rising and/or falling clock edge(s) of clk.
Related violations: <none>

TIMING-18#177 Warning
Missing input or output delay  
An output delay is missing on busOUT[13] relative to the rising and/or falling clock edge(s) of clk.
Related violations: <none>

TIMING-18#178 Warning
Missing input or output delay  
An output delay is missing on busOUT[14] relative to the rising and/or falling clock edge(s) of clk.
Related violations: <none>

TIMING-18#179 Warning
Missing input or output delay  
An output delay is missing on busOUT[15] relative to the rising and/or falling clock edge(s) of clk.
Related violations: <none>

TIMING-18#180 Warning
Missing input or output delay  
An output delay is missing on busOUT[16] relative to the rising and/or falling clock edge(s) of clk.
Related violations: <none>

TIMING-18#181 Warning
Missing input or output delay  
An output delay is missing on busOUT[17] relative to the rising and/or falling clock edge(s) of clk.
Related violations: <none>

TIMING-18#182 Warning
Missing input or output delay  
An output delay is missing on busOUT[18] relative to the rising and/or falling clock edge(s) of clk.
Related violations: <none>

TIMING-18#183 Warning
Missing input or output delay  
An output delay is missing on busOUT[19] relative to the rising and/or falling clock edge(s) of clk.
Related violations: <none>

TIMING-18#184 Warning
Missing input or output delay  
An output delay is missing on busOUT[1] relative to the rising and/or falling clock edge(s) of clk.
Related violations: <none>

TIMING-18#185 Warning
Missing input or output delay  
An output delay is missing on busOUT[20] relative to the rising and/or falling clock edge(s) of clk.
Related violations: <none>

TIMING-18#186 Warning
Missing input or output delay  
An output delay is missing on busOUT[21] relative to the rising and/or falling clock edge(s) of clk.
Related violations: <none>

TIMING-18#187 Warning
Missing input or output delay  
An output delay is missing on busOUT[22] relative to the rising and/or falling clock edge(s) of clk.
Related violations: <none>

TIMING-18#188 Warning
Missing input or output delay  
An output delay is missing on busOUT[23] relative to the rising and/or falling clock edge(s) of clk.
Related violations: <none>

TIMING-18#189 Warning
Missing input or output delay  
An output delay is missing on busOUT[24] relative to the rising and/or falling clock edge(s) of clk.
Related violations: <none>

TIMING-18#190 Warning
Missing input or output delay  
An output delay is missing on busOUT[25] relative to the rising and/or falling clock edge(s) of clk.
Related violations: <none>

TIMING-18#191 Warning
Missing input or output delay  
An output delay is missing on busOUT[26] relative to the rising and/or falling clock edge(s) of clk.
Related violations: <none>

TIMING-18#192 Warning
Missing input or output delay  
An output delay is missing on busOUT[27] relative to the rising and/or falling clock edge(s) of clk.
Related violations: <none>

TIMING-18#193 Warning
Missing input or output delay  
An output delay is missing on busOUT[28] relative to the rising and/or falling clock edge(s) of clk.
Related violations: <none>

TIMING-18#194 Warning
Missing input or output delay  
An output delay is missing on busOUT[29] relative to the rising and/or falling clock edge(s) of clk.
Related violations: <none>

TIMING-18#195 Warning
Missing input or output delay  
An output delay is missing on busOUT[2] relative to the rising and/or falling clock edge(s) of clk.
Related violations: <none>

TIMING-18#196 Warning
Missing input or output delay  
An output delay is missing on busOUT[30] relative to the rising and/or falling clock edge(s) of clk.
Related violations: <none>

TIMING-18#197 Warning
Missing input or output delay  
An output delay is missing on busOUT[31] relative to the rising and/or falling clock edge(s) of clk.
Related violations: <none>

TIMING-18#198 Warning
Missing input or output delay  
An output delay is missing on busOUT[32] relative to the rising and/or falling clock edge(s) of clk.
Related violations: <none>

TIMING-18#199 Warning
Missing input or output delay  
An output delay is missing on busOUT[33] relative to the rising and/or falling clock edge(s) of clk.
Related violations: <none>

TIMING-18#200 Warning
Missing input or output delay  
An output delay is missing on busOUT[34] relative to the rising and/or falling clock edge(s) of clk.
Related violations: <none>

TIMING-18#201 Warning
Missing input or output delay  
An output delay is missing on busOUT[35] relative to the rising and/or falling clock edge(s) of clk.
Related violations: <none>

TIMING-18#202 Warning
Missing input or output delay  
An output delay is missing on busOUT[36] relative to the rising and/or falling clock edge(s) of clk.
Related violations: <none>

TIMING-18#203 Warning
Missing input or output delay  
An output delay is missing on busOUT[37] relative to the rising and/or falling clock edge(s) of clk.
Related violations: <none>

TIMING-18#204 Warning
Missing input or output delay  
An output delay is missing on busOUT[38] relative to the rising and/or falling clock edge(s) of clk.
Related violations: <none>

TIMING-18#205 Warning
Missing input or output delay  
An output delay is missing on busOUT[39] relative to the rising and/or falling clock edge(s) of clk.
Related violations: <none>

TIMING-18#206 Warning
Missing input or output delay  
An output delay is missing on busOUT[3] relative to the rising and/or falling clock edge(s) of clk.
Related violations: <none>

TIMING-18#207 Warning
Missing input or output delay  
An output delay is missing on busOUT[40] relative to the rising and/or falling clock edge(s) of clk.
Related violations: <none>

TIMING-18#208 Warning
Missing input or output delay  
An output delay is missing on busOUT[41] relative to the rising and/or falling clock edge(s) of clk.
Related violations: <none>

TIMING-18#209 Warning
Missing input or output delay  
An output delay is missing on busOUT[42] relative to the rising and/or falling clock edge(s) of clk.
Related violations: <none>

TIMING-18#210 Warning
Missing input or output delay  
An output delay is missing on busOUT[43] relative to the rising and/or falling clock edge(s) of clk.
Related violations: <none>

TIMING-18#211 Warning
Missing input or output delay  
An output delay is missing on busOUT[44] relative to the rising and/or falling clock edge(s) of clk.
Related violations: <none>

TIMING-18#212 Warning
Missing input or output delay  
An output delay is missing on busOUT[45] relative to the rising and/or falling clock edge(s) of clk.
Related violations: <none>

TIMING-18#213 Warning
Missing input or output delay  
An output delay is missing on busOUT[46] relative to the rising and/or falling clock edge(s) of clk.
Related violations: <none>

TIMING-18#214 Warning
Missing input or output delay  
An output delay is missing on busOUT[47] relative to the rising and/or falling clock edge(s) of clk.
Related violations: <none>

TIMING-18#215 Warning
Missing input or output delay  
An output delay is missing on busOUT[48] relative to the rising and/or falling clock edge(s) of clk.
Related violations: <none>

TIMING-18#216 Warning
Missing input or output delay  
An output delay is missing on busOUT[49] relative to the rising and/or falling clock edge(s) of clk.
Related violations: <none>

TIMING-18#217 Warning
Missing input or output delay  
An output delay is missing on busOUT[4] relative to the rising and/or falling clock edge(s) of clk.
Related violations: <none>

TIMING-18#218 Warning
Missing input or output delay  
An output delay is missing on busOUT[50] relative to the rising and/or falling clock edge(s) of clk.
Related violations: <none>

TIMING-18#219 Warning
Missing input or output delay  
An output delay is missing on busOUT[51] relative to the rising and/or falling clock edge(s) of clk.
Related violations: <none>

TIMING-18#220 Warning
Missing input or output delay  
An output delay is missing on busOUT[52] relative to the rising and/or falling clock edge(s) of clk.
Related violations: <none>

TIMING-18#221 Warning
Missing input or output delay  
An output delay is missing on busOUT[53] relative to the rising and/or falling clock edge(s) of clk.
Related violations: <none>

TIMING-18#222 Warning
Missing input or output delay  
An output delay is missing on busOUT[54] relative to the rising and/or falling clock edge(s) of clk.
Related violations: <none>

TIMING-18#223 Warning
Missing input or output delay  
An output delay is missing on busOUT[55] relative to the rising and/or falling clock edge(s) of clk.
Related violations: <none>

TIMING-18#224 Warning
Missing input or output delay  
An output delay is missing on busOUT[56] relative to the rising and/or falling clock edge(s) of clk.
Related violations: <none>

TIMING-18#225 Warning
Missing input or output delay  
An output delay is missing on busOUT[57] relative to the rising and/or falling clock edge(s) of clk.
Related violations: <none>

TIMING-18#226 Warning
Missing input or output delay  
An output delay is missing on busOUT[58] relative to the rising and/or falling clock edge(s) of clk.
Related violations: <none>

TIMING-18#227 Warning
Missing input or output delay  
An output delay is missing on busOUT[59] relative to the rising and/or falling clock edge(s) of clk.
Related violations: <none>

TIMING-18#228 Warning
Missing input or output delay  
An output delay is missing on busOUT[5] relative to the rising and/or falling clock edge(s) of clk.
Related violations: <none>

TIMING-18#229 Warning
Missing input or output delay  
An output delay is missing on busOUT[60] relative to the rising and/or falling clock edge(s) of clk.
Related violations: <none>

TIMING-18#230 Warning
Missing input or output delay  
An output delay is missing on busOUT[61] relative to the rising and/or falling clock edge(s) of clk.
Related violations: <none>

TIMING-18#231 Warning
Missing input or output delay  
An output delay is missing on busOUT[62] relative to the rising and/or falling clock edge(s) of clk.
Related violations: <none>

TIMING-18#232 Warning
Missing input or output delay  
An output delay is missing on busOUT[63] relative to the rising and/or falling clock edge(s) of clk.
Related violations: <none>

TIMING-18#233 Warning
Missing input or output delay  
An output delay is missing on busOUT[64] relative to the rising and/or falling clock edge(s) of clk.
Related violations: <none>

TIMING-18#234 Warning
Missing input or output delay  
An output delay is missing on busOUT[65] relative to the rising and/or falling clock edge(s) of clk.
Related violations: <none>

TIMING-18#235 Warning
Missing input or output delay  
An output delay is missing on busOUT[66] relative to the rising and/or falling clock edge(s) of clk.
Related violations: <none>

TIMING-18#236 Warning
Missing input or output delay  
An output delay is missing on busOUT[67] relative to the rising and/or falling clock edge(s) of clk.
Related violations: <none>

TIMING-18#237 Warning
Missing input or output delay  
An output delay is missing on busOUT[68] relative to the rising and/or falling clock edge(s) of clk.
Related violations: <none>

TIMING-18#238 Warning
Missing input or output delay  
An output delay is missing on busOUT[69] relative to the rising and/or falling clock edge(s) of clk.
Related violations: <none>

TIMING-18#239 Warning
Missing input or output delay  
An output delay is missing on busOUT[6] relative to the rising and/or falling clock edge(s) of clk.
Related violations: <none>

TIMING-18#240 Warning
Missing input or output delay  
An output delay is missing on busOUT[70] relative to the rising and/or falling clock edge(s) of clk.
Related violations: <none>

TIMING-18#241 Warning
Missing input or output delay  
An output delay is missing on busOUT[71] relative to the rising and/or falling clock edge(s) of clk.
Related violations: <none>

TIMING-18#242 Warning
Missing input or output delay  
An output delay is missing on busOUT[72] relative to the rising and/or falling clock edge(s) of clk.
Related violations: <none>

TIMING-18#243 Warning
Missing input or output delay  
An output delay is missing on busOUT[73] relative to the rising and/or falling clock edge(s) of clk.
Related violations: <none>

TIMING-18#244 Warning
Missing input or output delay  
An output delay is missing on busOUT[74] relative to the rising and/or falling clock edge(s) of clk.
Related violations: <none>

TIMING-18#245 Warning
Missing input or output delay  
An output delay is missing on busOUT[75] relative to the rising and/or falling clock edge(s) of clk.
Related violations: <none>

TIMING-18#246 Warning
Missing input or output delay  
An output delay is missing on busOUT[76] relative to the rising and/or falling clock edge(s) of clk.
Related violations: <none>

TIMING-18#247 Warning
Missing input or output delay  
An output delay is missing on busOUT[77] relative to the rising and/or falling clock edge(s) of clk.
Related violations: <none>

TIMING-18#248 Warning
Missing input or output delay  
An output delay is missing on busOUT[78] relative to the rising and/or falling clock edge(s) of clk.
Related violations: <none>

TIMING-18#249 Warning
Missing input or output delay  
An output delay is missing on busOUT[79] relative to the rising and/or falling clock edge(s) of clk.
Related violations: <none>

TIMING-18#250 Warning
Missing input or output delay  
An output delay is missing on busOUT[7] relative to the rising and/or falling clock edge(s) of clk.
Related violations: <none>

TIMING-18#251 Warning
Missing input or output delay  
An output delay is missing on busOUT[80] relative to the rising and/or falling clock edge(s) of clk.
Related violations: <none>

TIMING-18#252 Warning
Missing input or output delay  
An output delay is missing on busOUT[81] relative to the rising and/or falling clock edge(s) of clk.
Related violations: <none>

TIMING-18#253 Warning
Missing input or output delay  
An output delay is missing on busOUT[82] relative to the rising and/or falling clock edge(s) of clk.
Related violations: <none>

TIMING-18#254 Warning
Missing input or output delay  
An output delay is missing on busOUT[83] relative to the rising and/or falling clock edge(s) of clk.
Related violations: <none>

TIMING-18#255 Warning
Missing input or output delay  
An output delay is missing on busOUT[84] relative to the rising and/or falling clock edge(s) of clk.
Related violations: <none>

TIMING-18#256 Warning
Missing input or output delay  
An output delay is missing on busOUT[85] relative to the rising and/or falling clock edge(s) of clk.
Related violations: <none>

TIMING-18#257 Warning
Missing input or output delay  
An output delay is missing on busOUT[86] relative to the rising and/or falling clock edge(s) of clk.
Related violations: <none>

TIMING-18#258 Warning
Missing input or output delay  
An output delay is missing on busOUT[87] relative to the rising and/or falling clock edge(s) of clk.
Related violations: <none>

TIMING-18#259 Warning
Missing input or output delay  
An output delay is missing on busOUT[88] relative to the rising and/or falling clock edge(s) of clk.
Related violations: <none>

TIMING-18#260 Warning
Missing input or output delay  
An output delay is missing on busOUT[89] relative to the rising and/or falling clock edge(s) of clk.
Related violations: <none>

TIMING-18#261 Warning
Missing input or output delay  
An output delay is missing on busOUT[8] relative to the rising and/or falling clock edge(s) of clk.
Related violations: <none>

TIMING-18#262 Warning
Missing input or output delay  
An output delay is missing on busOUT[90] relative to the rising and/or falling clock edge(s) of clk.
Related violations: <none>

TIMING-18#263 Warning
Missing input or output delay  
An output delay is missing on busOUT[91] relative to the rising and/or falling clock edge(s) of clk.
Related violations: <none>

TIMING-18#264 Warning
Missing input or output delay  
An output delay is missing on busOUT[92] relative to the rising and/or falling clock edge(s) of clk.
Related violations: <none>

TIMING-18#265 Warning
Missing input or output delay  
An output delay is missing on busOUT[93] relative to the rising and/or falling clock edge(s) of clk.
Related violations: <none>

TIMING-18#266 Warning
Missing input or output delay  
An output delay is missing on busOUT[94] relative to the rising and/or falling clock edge(s) of clk.
Related violations: <none>

TIMING-18#267 Warning
Missing input or output delay  
An output delay is missing on busOUT[95] relative to the rising and/or falling clock edge(s) of clk.
Related violations: <none>

TIMING-18#268 Warning
Missing input or output delay  
An output delay is missing on busOUT[96] relative to the rising and/or falling clock edge(s) of clk.
Related violations: <none>

TIMING-18#269 Warning
Missing input or output delay  
An output delay is missing on busOUT[97] relative to the rising and/or falling clock edge(s) of clk.
Related violations: <none>

TIMING-18#270 Warning
Missing input or output delay  
An output delay is missing on busOUT[98] relative to the rising and/or falling clock edge(s) of clk.
Related violations: <none>

TIMING-18#271 Warning
Missing input or output delay  
An output delay is missing on busOUT[99] relative to the rising and/or falling clock edge(s) of clk.
Related violations: <none>

TIMING-18#272 Warning
Missing input or output delay  
An output delay is missing on busOUT[9] relative to the rising and/or falling clock edge(s) of clk.
Related violations: <none>

TIMING-18#273 Warning
Missing input or output delay  
An output delay is missing on busOutEnable relative to the rising and/or falling clock edge(s) of clk.
Related violations: <none>


