Copyright 1986-2022 Xilinx, Inc. All Rights Reserved. Copyright 2022-2025 Advanced Micro Devices, Inc. All Rights Reserved.
---------------------------------------------------------------------------------------------------------------------------------------------
| Tool Version : Vivado v.2025.2 (win64) Build 6299465 Fri Nov 14 19:35:11 GMT 2025
| Date         : Sat Jun 27 21:29:53 2026
| Host         : Dell-3793 running 64-bit major release  (build 9200)
| Command      : report_control_sets -verbose -file ASCON_control_sets_placed.rpt
| Design       : ASCON
| Device       : xc7a75t
---------------------------------------------------------------------------------------------------------------------------------------------

Control Set Information

Table of Contents
-----------------
1. Summary
2. Histogram
3. Flip-Flop Distribution
4. Detailed Control Set Information

1. Summary
----------

+----------------------------------------------------------+-------+
|                          Status                          | Count |
+----------------------------------------------------------+-------+
| Total control sets                                       |    17 |
|    Minimum number of control sets                        |    17 |
|    Addition due to synthesis replication                 |     0 |
|    Addition due to physical synthesis replication        |     0 |
| Unused register locations in slices containing registers |    31 |
+----------------------------------------------------------+-------+
* Control sets can be merged at opt_design using control_set_merge or merge_equivalent_drivers
** Run report_qor_suggestions for automated merging and remapping suggestions


2. Histogram
------------

+--------------------+-------+
|       Fanout       | Count |
+--------------------+-------+
| Total control sets |    17 |
| >= 0 to < 4        |     2 |
| >= 4 to < 6        |     2 |
| >= 6 to < 8        |     1 |
| >= 8 to < 10       |     0 |
| >= 10 to < 12      |     0 |
| >= 12 to < 14      |     0 |
| >= 14 to < 16      |     0 |
| >= 16              |    12 |
+--------------------+-------+
* Control sets can be remapped at either synth_design or opt_design


3. Flip-Flop Distribution
-------------------------

+--------------+-----------------------+------------------------+-----------------+--------------+
| Clock Enable | Synchronous Set/Reset | Asynchronous Set/Reset | Total Registers | Total Slices |
+--------------+-----------------------+------------------------+-----------------+--------------+
| No           | No                    | No                     |               6 |            6 |
| No           | No                    | Yes                    |               0 |            0 |
| No           | Yes                   | No                     |               0 |            0 |
| Yes          | No                    | No                     |             830 |          384 |
| Yes          | No                    | Yes                    |               0 |            0 |
| Yes          | Yes                   | No                     |              37 |           19 |
+--------------+-----------------------+------------------------+-----------------+--------------+


4. Detailed Control Set Information
-----------------------------------

+----------------+---------------------------------------------+------------------+------------------+----------------+--------------+
|  Clock Signal  |                Enable Signal                | Set/Reset Signal | Slice Load Count | Bel Load Count | Bels / Slice |
+----------------+---------------------------------------------+------------------+------------------+----------------+--------------+
|  clk_IBUF_BUFG | FSMAscon/busNext_i_1_n_0                    | reset_IBUF       |                1 |              1 |         1.00 |
|  clk_IBUF_BUFG | FSMAscon/busOutEnable_i_1_n_0               | reset_IBUF       |                1 |              1 |         1.00 |
|  clk_IBUF_BUFG | FSMAscon/round[3]_i_1_n_0                   | reset_IBUF       |                2 |              4 |         2.00 |
|  clk_IBUF_BUFG | FSMAscon/FSM_sequential_FSMState[4]_i_1_n_0 | reset_IBUF       |                4 |              5 |         1.25 |
|  clk_IBUF_BUFG |                                             |                  |                6 |              6 |         1.00 |
|  clk_IBUF_BUFG | FSMAscon/FSMCommand[4]_i_1_n_0              | reset_IBUF       |               11 |             26 |         2.36 |
|  clk_IBUF_BUFG | FSMAscon/FSMCommand_reg[4]_0[4]             |                  |               38 |             63 |         1.66 |
|  clk_IBUF_BUFG | FSMAscon/FSMCommand_reg[4]_0[0]             |                  |               35 |             63 |         1.80 |
|  clk_IBUF_BUFG | FSMAscon/FSMCommand_reg[1]_0[2]             |                  |               38 |             64 |         1.68 |
|  clk_IBUF_BUFG | FSMAscon/FSMCommand_reg[4]_0[1]             |                  |               38 |             64 |         1.68 |
|  clk_IBUF_BUFG | FSMAscon/FSMCommand_reg[4]_0[2]             |                  |               36 |             64 |         1.78 |
|  clk_IBUF_BUFG | FSMAscon/FSMCommand_reg[4]_0[3]             |                  |               51 |             64 |         1.25 |
|  clk_IBUF_BUFG | FSMAscon/FSMCommand_reg[1]_0[3]             |                  |               31 |             64 |         2.06 |
|  clk_IBUF_BUFG | FSMAscon/FSMCommand_reg[1]_0[0]             |                  |               23 |             64 |         2.78 |
|  clk_IBUF_BUFG | FSMAscon/FSMCommand_reg[1]_0[1]             |                  |               26 |             64 |         2.46 |
|  clk_IBUF_BUFG | FSMAscon/busType[0]                         |                  |               35 |            128 |         3.66 |
|  clk_IBUF_BUFG | FSMAscon/E[0]                               |                  |               33 |            128 |         3.88 |
+----------------+---------------------------------------------+------------------+------------------+----------------+--------------+


